Hello from mcp-2-cli!